../Core/Src/main.c:250:6:actualizar_selectores	16	static
../Core/Src/main.c:296:6:mover_colores	16	static
../Core/Src/main.c:325:6:dibujar_puntero	24	static
../Core/Src/main.c:330:6:borrar_puntero	24	static
../Core/Src/main.c:336:6:mover_puntero_arriba	8	static
../Core/Src/main.c:350:6:mover_puntero_abajo	8	static
../Core/Src/main.c:364:5:check_collision	24	static
../Core/Src/main.c:373:6:clear_previous_sprite	40	static
../Core/Src/main.c:378:6:move_sprite_up	48	static
../Core/Src/main.c:400:6:move_sprite_down	48	static
../Core/Src/main.c:422:6:move_sprite_up1	48	static
../Core/Src/main.c:444:6:move_sprite_down1	48	static
../Core/Src/main.c:470:6:leer_archivo	536	static
../Core/Src/main.c:523:5:main	128	static
../Core/Src/main.c:1041:6:SystemClock_Config	88	static
../Core/Src/main.c:1089:13:MX_SPI1_Init	8	static
../Core/Src/main.c:1127:13:MX_UART5_Init	8	static
../Core/Src/main.c:1160:13:MX_USART2_UART_Init	8	static
../Core/Src/main.c:1193:13:MX_USART3_UART_Init	8	static
../Core/Src/main.c:1224:13:MX_DMA_Init	16	static
../Core/Src/main.c:1251:13:MX_GPIO_Init	48	static
../Core/Src/main.c:1315:6:HAL_UART_RxCpltCallback	16	static
../Core/Src/main.c:1344:6:Error_Handler	4	static,ignoring_inline_asm
