../Core/Src/main.c:140:5:check_collision	24	static
../Core/Src/main.c:149:6:move_green_cube_left	24	static
../Core/Src/main.c:160:6:move_green_cube_right	24	static
../Core/Src/main.c:171:6:clear_previous_sprite	40	static
../Core/Src/main.c:176:6:move_sprite_up	24	static
../Core/Src/main.c:198:6:move_sprite_down	24	static
../Core/Src/main.c:227:5:main	32	static
../Core/Src/main.c:446:6:SystemClock_Config	88	static
../Core/Src/main.c:494:13:MX_SPI1_Init	8	static
../Core/Src/main.c:532:13:MX_USART3_UART_Init	8	static
../Core/Src/main.c:563:13:MX_DMA_Init	16	static
../Core/Src/main.c:581:13:MX_GPIO_Init	48	static
../Core/Src/main.c:644:6:HAL_UART_RxCpltCallback	16	static
../Core/Src/main.c:657:6:Error_Handler	4	static,ignoring_inline_asm
