../Core/Src/main.c:90:5:check_collision	24	static
../Core/Src/main.c:96:6:move_jug1_up	24	static
../Core/Src/main.c:117:6:move_jug1_down	24	static
../Core/Src/main.c:182:6:move_green_cube_left	24	static
../Core/Src/main.c:193:6:move_green_cube_right	24	static
../Core/Src/main.c:209:5:main	40	static
../Core/Src/main.c:301:6:SystemClock_Config	88	static
../Core/Src/main.c:349:13:MX_SPI1_Init	8	static
../Core/Src/main.c:387:13:MX_USART3_UART_Init	8	static
../Core/Src/main.c:420:13:MX_GPIO_Init	48	static
../Core/Src/main.c:473:6:HAL_UART_RxCpltCallback	16	static
../Core/Src/main.c:486:6:Error_Handler	4	static,ignoring_inline_asm
